14:01:06 **** Incremental Build of configuration Debug for project 001Tasks ****
make -j8 all 
arm-none-eabi-gcc "../ThirdParty/RTOS/MemMang/heap_4.c" -mcpu=cortex-m4 -std=gnu11 -g3 -DDEBUG -DUSE_HAL_DRIVER -DSTM32F407xx -c -I../Core/Inc -I"C:/Users/98919/Desktop/rtos-training/001Tasks/ThirdParty/RTOS" -I"C:/Users/98919/Desktop/rtos-training/001Tasks/ThirdParty/RTOS/GCC/ARM_CM4F" -I"C:/Users/98919/Desktop/rtos-training/001Tasks/ThirdParty/RTOS/include" -I../Drivers/STM32F4xx_HAL_Driver/Inc -I../Drivers/STM32F4xx_HAL_Driver/Inc/Legacy -I../Drivers/CMSIS/Device/ST/STM32F4xx/Include -I../Drivers/CMSIS/Include -O0 -ffunction-sections -fdata-sections -Wall -fstack-usage -fcyclomatic-complexity -MMD -MP -MF"ThirdParty/RTOS/MemMang/heap_4.d" -MT"ThirdParty/RTOS/MemMang/heap_4.o" --specs=nano.specs -mfpu=fpv4-sp-d16 -mfloat-abi=hard -mthumb -o "ThirdParty/RTOS/MemMang/heap_4.o"
arm-none-eabi-gcc "../ThirdParty/RTOS/GCC/ARM_CM4F/port.c" -mcpu=cortex-m4 -std=gnu11 -g3 -DDEBUG -DUSE_HAL_DRIVER -DSTM32F407xx -c -I../Core/Inc -I"C:/Users/98919/Desktop/rtos-training/001Tasks/ThirdParty/RTOS" -I"C:/Users/98919/Desktop/rtos-training/001Tasks/ThirdParty/RTOS/GCC/ARM_CM4F" -I"C:/Users/98919/Desktop/rtos-training/001Tasks/ThirdParty/RTOS/include" -I../Drivers/STM32F4xx_HAL_Driver/Inc -I../Drivers/STM32F4xx_HAL_Driver/Inc/Legacy -I../Drivers/CMSIS/Device/ST/STM32F4xx/Include -I../Drivers/CMSIS/Include -O0 -ffunction-sections -fdata-sections -Wall -fstack-usage -fcyclomatic-complexity -MMD -MP -MF"ThirdParty/RTOS/GCC/ARM_CM4F/port.d" -MT"ThirdParty/RTOS/GCC/ARM_CM4F/port.o" --specs=nano.specs -mfpu=fpv4-sp-d16 -mfloat-abi=hard -mthumb -o "ThirdParty/RTOS/GCC/ARM_CM4F/port.o"
arm-none-eabi-gcc "../ThirdParty/RTOS/croutine.c" -mcpu=cortex-m4 -std=gnu11 -g3 -DDEBUG -DUSE_HAL_DRIVER -DSTM32F407xx -c -I../Core/Inc -I"C:/Users/98919/Desktop/rtos-training/001Tasks/ThirdParty/RTOS" -I"C:/Users/98919/Desktop/rtos-training/001Tasks/ThirdParty/RTOS/GCC/ARM_CM4F" -I"C:/Users/98919/Desktop/rtos-training/001Tasks/ThirdParty/RTOS/include" -I../Drivers/STM32F4xx_HAL_Driver/Inc -I../Drivers/STM32F4xx_HAL_Driver/Inc/Legacy -I../Drivers/CMSIS/Device/ST/STM32F4xx/Include -I../Drivers/CMSIS/Include -O0 -ffunction-sections -fdata-sections -Wall -fstack-usage -fcyclomatic-complexity -MMD -MP -MF"ThirdParty/RTOS/croutine.d" -MT"ThirdParty/RTOS/croutine.o" --specs=nano.specs -mfpu=fpv4-sp-d16 -mfloat-abi=hard -mthumb -o "ThirdParty/RTOS/croutine.o"
arm-none-eabi-gcc "../ThirdParty/RTOS/event_groups.c" -mcpu=cortex-m4 -std=gnu11 -g3 -DDEBUG -DUSE_HAL_DRIVER -DSTM32F407xx -c -I../Core/Inc -I"C:/Users/98919/Desktop/rtos-training/001Tasks/ThirdParty/RTOS" -I"C:/Users/98919/Desktop/rtos-training/001Tasks/ThirdParty/RTOS/GCC/ARM_CM4F" -I"C:/Users/98919/Desktop/rtos-training/001Tasks/ThirdParty/RTOS/include" -I../Drivers/STM32F4xx_HAL_Driver/Inc -I../Drivers/STM32F4xx_HAL_Driver/Inc/Legacy -I../Drivers/CMSIS/Device/ST/STM32F4xx/Include -I../Drivers/CMSIS/Include -O0 -ffunction-sections -fdata-sections -Wall -fstack-usage -fcyclomatic-complexity -MMD -MP -MF"ThirdParty/RTOS/event_groups.d" -MT"ThirdParty/RTOS/event_groups.o" --specs=nano.specs -mfpu=fpv4-sp-d16 -mfloat-abi=hard -mthumb -o "ThirdParty/RTOS/event_groups.o"
arm-none-eabi-gcc "../ThirdParty/RTOS/list.c" -mcpu=cortex-m4 -std=gnu11 -g3 -DDEBUG -DUSE_HAL_DRIVER -DSTM32F407xx -c -I../Core/Inc -I"C:/Users/98919/Desktop/rtos-training/001Tasks/ThirdParty/RTOS" -I"C:/Users/98919/Desktop/rtos-training/001Tasks/ThirdParty/RTOS/GCC/ARM_CM4F" -I"C:/Users/98919/Desktop/rtos-training/001Tasks/ThirdParty/RTOS/include" -I../Drivers/STM32F4xx_HAL_Driver/Inc -I../Drivers/STM32F4xx_HAL_Driver/Inc/Legacy -I../Drivers/CMSIS/Device/ST/STM32F4xx/Include -I../Drivers/CMSIS/Include -O0 -ffunction-sections -fdata-sections -Wall -fstack-usage -fcyclomatic-complexity -MMD -MP -MF"ThirdParty/RTOS/list.d" -MT"ThirdParty/RTOS/list.o" --specs=nano.specs -mfpu=fpv4-sp-d16 -mfloat-abi=hard -mthumb -o "ThirdParty/RTOS/list.o"
arm-none-eabi-gcc "../ThirdParty/RTOS/queue.c" -mcpu=cortex-m4 -std=gnu11 -g3 -DDEBUG -DUSE_HAL_DRIVER -DSTM32F407xx -c -I../Core/Inc -I"C:/Users/98919/Desktop/rtos-training/001Tasks/ThirdParty/RTOS" -I"C:/Users/98919/Desktop/rtos-training/001Tasks/ThirdParty/RTOS/GCC/ARM_CM4F" -I"C:/Users/98919/Desktop/rtos-training/001Tasks/ThirdParty/RTOS/include" -I../Drivers/STM32F4xx_HAL_Driver/Inc -I../Drivers/STM32F4xx_HAL_Driver/Inc/Legacy -I../Drivers/CMSIS/Device/ST/STM32F4xx/Include -I../Drivers/CMSIS/Include -O0 -ffunction-sections -fdata-sections -Wall -fstack-usage -fcyclomatic-complexity -MMD -MP -MF"ThirdParty/RTOS/queue.d" -MT"ThirdParty/RTOS/queue.o" --specs=nano.specs -mfpu=fpv4-sp-d16 -mfloat-abi=hard -mthumb -o "ThirdParty/RTOS/queue.o"
arm-none-eabi-gcc "../ThirdParty/RTOS/stream_buffer.c" -mcpu=cortex-m4 -std=gnu11 -g3 -DDEBUG -DUSE_HAL_DRIVER -DSTM32F407xx -c -I../Core/Inc -I"C:/Users/98919/Desktop/rtos-training/001Tasks/ThirdParty/RTOS" -I"C:/Users/98919/Desktop/rtos-training/001Tasks/ThirdParty/RTOS/GCC/ARM_CM4F" -I"C:/Users/98919/Desktop/rtos-training/001Tasks/ThirdParty/RTOS/include" -I../Drivers/STM32F4xx_HAL_Driver/Inc -I../Drivers/STM32F4xx_HAL_Driver/Inc/Legacy -I../Drivers/CMSIS/Device/ST/STM32F4xx/Include -I../Drivers/CMSIS/Include -O0 -ffunction-sections -fdata-sections -Wall -fstack-usage -fcyclomatic-complexity -MMD -MP -MF"ThirdParty/RTOS/stream_buffer.d" -MT"ThirdParty/RTOS/stream_buffer.o" --specs=nano.specs -mfpu=fpv4-sp-d16 -mfloat-abi=hard -mthumb -o "ThirdParty/RTOS/stream_buffer.o"
arm-none-eabi-gcc "../ThirdParty/RTOS/tasks.c" -mcpu=cortex-m4 -std=gnu11 -g3 -DDEBUG -DUSE_HAL_DRIVER -DSTM32F407xx -c -I../Core/Inc -I"C:/Users/98919/Desktop/rtos-training/001Tasks/ThirdParty/RTOS" -I"C:/Users/98919/Desktop/rtos-training/001Tasks/ThirdParty/RTOS/GCC/ARM_CM4F" -I"C:/Users/98919/Desktop/rtos-training/001Tasks/ThirdParty/RTOS/include" -I../Drivers/STM32F4xx_HAL_Driver/Inc -I../Drivers/STM32F4xx_HAL_Driver/Inc/Legacy -I../Drivers/CMSIS/Device/ST/STM32F4xx/Include -I../Drivers/CMSIS/Include -O0 -ffunction-sections -fdata-sections -Wall -fstack-usage -fcyclomatic-complexity -MMD -MP -MF"ThirdParty/RTOS/tasks.d" -MT"ThirdParty/RTOS/tasks.o" --specs=nano.specs -mfpu=fpv4-sp-d16 -mfloat-abi=hard -mthumb -o "ThirdParty/RTOS/tasks.o"
arm-none-eabi-gcc "../ThirdParty/RTOS/timers.c" -mcpu=cortex-m4 -std=gnu11 -g3 -DDEBUG -DUSE_HAL_DRIVER -DSTM32F407xx -c -I../Core/Inc -I"C:/Users/98919/Desktop/rtos-training/001Tasks/ThirdParty/RTOS" -I"C:/Users/98919/Desktop/rtos-training/001Tasks/ThirdParty/RTOS/GCC/ARM_CM4F" -I"C:/Users/98919/Desktop/rtos-training/001Tasks/ThirdParty/RTOS/include" -I../Drivers/STM32F4xx_HAL_Driver/Inc -I../Drivers/STM32F4xx_HAL_Driver/Inc/Legacy -I../Drivers/CMSIS/Device/ST/STM32F4xx/Include -I../Drivers/CMSIS/Include -O0 -ffunction-sections -fdata-sections -Wall -fstack-usage -fcyclomatic-complexity -MMD -MP -MF"ThirdParty/RTOS/timers.d" -MT"ThirdParty/RTOS/timers.o" --specs=nano.specs -mfpu=fpv4-sp-d16 -mfloat-abi=hard -mthumb -o "ThirdParty/RTOS/timers.o"
arm-none-eabi-gcc "../Core/Src/main.c" -mcpu=cortex-m4 -std=gnu11 -g3 -DDEBUG -DUSE_HAL_DRIVER -DSTM32F407xx -c -I../Core/Inc -I"C:/Users/98919/Desktop/rtos-training/001Tasks/ThirdParty/RTOS" -I"C:/Users/98919/Desktop/rtos-training/001Tasks/ThirdParty/RTOS/GCC/ARM_CM4F" -I"C:/Users/98919/Desktop/rtos-training/001Tasks/ThirdParty/RTOS/include" -I../Drivers/STM32F4xx_HAL_Driver/Inc -I../Drivers/STM32F4xx_HAL_Driver/Inc/Legacy -I../Drivers/CMSIS/Device/ST/STM32F4xx/Include -I../Drivers/CMSIS/Include -O0 -ffunction-sections -fdata-sections -Wall -fstack-usage -fcyclomatic-complexity -MMD -MP -MF"Core/Src/main.d" -MT"Core/Src/main.o" --specs=nano.specs -mfpu=fpv4-sp-d16 -mfloat-abi=hard -mthumb -o "Core/Src/main.o"
arm-none-eabi-gcc -o "001Tasks.elf" @"objects.list"   -mcpu=cortex-m4 -T"C:\Users\98919\Desktop\rtos-training\001Tasks\STM32F407VGTX_FLASH.ld" --specs=nosys.specs -Wl,-Map="001Tasks.map" -Wl,--gc-sections -static --specs=nano.specs -mfpu=fpv4-sp-d16 -mfloat-abi=hard -mthumb -Wl,--start-group -lc -lm -Wl,--end-group
Finished building target: 001Tasks.elf
 
arm-none-eabi-size   001Tasks.elf 
arm-none-eabi-objdump -h -S  001Tasks.elf  > "001Tasks.list"
   text	   data	    bss	    dec	    hex	filename
  20680	    120	  79200	 100000	  186a0	001Tasks.elf
Finished building: default.size.stdout
 
Finished building: 001Tasks.list
 
14:01:11 **** Incremental Build of configuration Debug for project 001Tasks ****
make -j8 all 
arm-none-eabi-size   001Tasks.elf 
   text	   data	    bss	    dec	    hex	filename
  20680	    120	  79200	 100000	  186a0	001Tasks.elf
Finished building: default.size.stdout
 
14:01:28 **** Incremental Build of configuration Debug for project 001Tasks ****
make -j8 all 
arm-none-eabi-size   001Tasks.elf 
   text	   data	    bss	    dec	    hex	filename
  20680	    120	  79200	 100000	  186a0	001Tasks.elf
Finished building: default.size.stdout
 
14:01:45 **** Incremental Build of configuration Debug for project 001Tasks ****
make -j8 all 
arm-none-eabi-size   001Tasks.elf 
   text	   data	    bss	    dec	    hex	filename
  20680	    120	  79200	 100000	  186a0	001Tasks.elf
Finished building: default.size.stdout
 
